// Jest Snapshot v1, https://goo.gl/fbAQLP

exports[`About component matches snapshot DOM node structure 1`] = `
<DocumentFragment>
  <section
    class="my-5"
  >
    <h1
      id="about"
    >
      About Me
    </h1>
    <br />
    <img
      alt="cover"
      class="my-2"
      src="avatar-icon.jpg"
      style="width: 10%;"
    />
    <br />
    <div
      class="my-2"
    >
      <p>
        butcher selfies chambray shabby chic gentrify readymade yr Echo Park XOXO Tumblr normcore Banksy direct trade Blue Bottle chillwave you probably haven't heard of them single-origin coffee Vice fanny pack fixie Odd Future Austin fingerstache pickled twee synth Wes Anderson Thundercats viral bitters flannel meggings narwhal Marfa Schlitz sustainable Intelligentsia umami deep v craft
      </p>
      <p>
        butcher selfies chambray shabby chic gentrify readymade yr Echo Park XOXO Tumblr normcore Banksy direct trade Blue Bottle chillwave you probably haven't heard of them single-origin coffee Vice fanny pack fixie Odd Future Austin fingerstache pickled twee synth Wes Anderson Thundercats viral bitters flannel meggings narwhal Marfa Schlitz sustainable Intelligentsia umami deep v craft
      </p>
    </div>
  </section>
</DocumentFragment>
`;
